
running 1 test
test renderer::performance::hardware_scenes_match_software ... level=info event=renderer_initialized requested=software mode=software driver="software" accelerated=false software=true vsync=true max_texture_width=0 max_texture_height=0 video_driver="x11" window_width=480 window_height=272 output_width=480 output_height=272 display_width=480 display_height=272 fallback=false
level=info event=renderer_initialized requested=hardware mode=hardware driver="opengles2" accelerated=true software=false vsync=true max_texture_width=4096 max_texture_height=4096 video_driver="x11" window_width=480 window_height=272 output_width=480 output_height=272 display_width=480 display_height=272 gl_vendor="Mesa" gl_renderer="Mali400" gl_version="OpenGL ES 2.0 Mesa 25.0.7-2+deb13u1" mesa_software=false fallback=false
scene=home different_channels=65 total_channels=391680
scene=settings different_channels=1916 total_channels=391680
scene=modal different_channels=65 total_channels=391680
scene=app-center-apps different_channels=0 total_channels=391680
scene=app-center-sources different_channels=0 total_channels=391680
scene=app-center-editor different_channels=0 total_channels=391680
scene=app-center-details different_channels=0 total_channels=391680
scene=app-center-search different_channels=0 total_channels=391680
scene=app-center-changelog different_channels=0 total_channels=391680
scene=app-center-update-badge different_channels=0 total_channels=391680
scene=app-center-uninstall different_channels=0 total_channels=391680
scene=app-center-confirm different_channels=0 total_channels=391680
scene=desktop-editor different_channels=0 total_channels=391680
scene=desktop-command different_channels=0 total_channels=391680
scene=desktop-remove different_channels=0 total_channels=391680
scene=desktop-picker different_channels=0 total_channels=391680
scene=many-icons different_channels=9874 total_channels=391680
scene=wallpaper different_channels=277 total_channels=391680
scene=rapid-keyboard different_channels=65 total_channels=391680
scene=rapid-pointer different_channels=65 total_channels=391680
ok

test result: ok. 1 passed; 0 failed; 0 ignored; 0 measured; 182 filtered out; finished in 11.31s

